12561-1.xls
12561-2.xls
12843-1.xls
12843-2.xls
13224.xls
13796.xls
14330-1.xls
14330-2.xls
14460.xls
15228.xls
15375.xls
15556.xls
15573.xls
1900DateWindowing.xls
1904DateWindowing.xls
19599-1.xls
19599-2.xls
22742.xls
24207.xls
24215.xls
25183.xls
25695.xls
26100.xls
27272_1.xls
27272_2.xls
27349-vlookupAcrossSheets.xls
27364.xls
27394.xls
27852.xls
27933.xls
28772.xls
28774.xls
29675.xls
29942.xls
29982.xls
30070.xls
30540.xls
30978-alt.xls
30978-deleted.xls
31661.xls
31749.xls
31979.xls
32822.xls
33082.xls
34775.xls
35564.xls
35565.xls
36947.xls
37376.xls
37630.xls
37684-1.xls
37684-2.xls
37684.xls
39234.xls
39512.xls
39634.xls
3dFormulas.xls
40285.xls
41139.xls
41546.xls
42464-ExpPtg-bad.xls
42464-ExpPtg-ok.xls
42726.xls
42844.xls
43251.xls
43493.xls
43623.xls
43902.xls
44010-SingleChart.xls
44010-TwoCharts.xls
44167.xls
44200.xls
44201.xls
44235.xls
44297.xls
44593.xls
44636.xls
44643.xls
44693.xls
44840.xls
44861.xls
44891.xls
44958.xls
45129.xls
45290.xls
45322.xls
45365-2.xls
45365.xls
45492.xls
45538_classic_Footer.xls
45538_classic_Header.xls
45538_form_Footer.xls
45538_form_Header.xls
45672.xls
45720.xls
45761.xls
45784.xls
46136-NoWarnings.xls
46136-WithWarnings.xls
46137.xls
46250.xls
46368.xls
46445.xls
46904.xls
47034.xls
47154.xls
47251.xls
47701.xls
47847.xls
47920.xls
47924.xls
48026.xls
48180.xls
48325.xls
48703.xls
48968.xls
49096.xls
49185.xls
49219.xls
49237.xls
49524.xls
49529.xls
49581.xls
49612.xls
49751.xls
49761.xls
49896.xls
49928.xls
49931.xls
50020.xls
50298.xls
50426.xls
50756.xls
50779_1.xls
50779_2.xls
50833.xls.pending
50939.xls
51143.xls
51461.xls
51498.xls
51535.xls
51670.xls
51675.xls
51832.xls.pending
52527.xls
52575_main.xls
52575_source.xls
53404.xls
53446.xls
53588.xls
53798_shiftNegative_TMPL.xls
53972.xls
54016.xls
54206.xls
54500.xls
54686_fraction_formats.xls
55341_CellStyleBorder.xls
AbnormalSharedFormulaFlag.xls
AreaErrPtg.xls
BOOK_in_capitals.xls
CodeFunctionTestCaseData.xls
ColumnStyle1dp.xls
ColumnStyle1dpColoured.xls
ColumnStyleNone.xls
ComplexFunctionTestCaseData.xls
ContinueRecordProblem.xls
DBCSHeader.xls
DBCSSheetName.xls
DateFormats.xls
DeltaFunctionTestCaseData.xls
DrawingAndComments.xls
DrawingContinue.xls
EmbeddedChartHeaderTest.xls
Employee.xls
ErrPtg.xls
FactDoubleFunctionTestCaseData.xls
ForShifting.xls
FormatChoiceTests.xls
Formatting.xls
FormulaEvalTestData.xls
FormulaRefs.xls
HyperlinksOnManySheets.xls
IfFormulaTest.xls
ImRealFunctionTestCaseData.xls
ImaginaryFunctionTestCaseData.xls
IndexFunctionTestCaseData.xls
IndirectFunctionTestCaseData.xls
IntersectionPtg.xls
IrrNpvTestCaseData.xls
LookupFunctionsTestCaseData.xls
MRExtraLines.xls
MatchFunctionTestCaseData.xls
MissingBits.xls
NoGutsRecords.xls
OddStyleRecord.xls
PercentPtg.xls
QuotientFunctionTestCaseData.xls
RangePtg.xls
ReadOnlyRecommended.xls
ReferencePtg.xls
RepeatingRowsCols.xls
ReptFunctionTestCaseData.xls
RkNumber.xls
RomanFunctionTestCaseData.xls
SampleSS.xls
SharedFormulaTest.xls
SheetWithDrawing.xls
ShrinkToFit.xls
Simple.xls
SimpleChart.xls
SimpleMultiCell.xls
SimpleWithAutofilter.xls
SimpleWithChoose.xls
SimpleWithColours.xls
SimpleWithComments.xls
SimpleWithDataFormat.xls
SimpleWithFormula.xls
SimpleWithImages-mac.xls
SimpleWithImages.xls
SimpleWithPageBreaks.xls
SimpleWithPrintArea.xls
SimpleWithSkip.xls
SimpleWithStyling.xls
SingleLetterRanges.xls
SolverContainerAfterSPGR.xls
SquareMacro.xls
StringContinueRecords.xls
StringFormulas.xls
SubtotalsNested.xls
TestRandBetween.xls
TwoSheetsNoneHidden.xls
TwoSheetsOneHidden.xls
UncalcedRecord.xls
UnionPtg.xls
WORKBOOK_in_capitals.xls
WeekNumFunctionTestCaseData.xls
WeekNumFunctionTestCaseData2013.xls
WithChart.xls
WithCheckBoxes.xls
WithConditionalFormatting.xls
WithEmbeddedObjects.xls
WithExtendedStyles.xls
WithFormattedGraphTitle.xls
WithHyperlink.xls
WithThreeCharts.xls
WithTwoCharts.xls
WithTwoHyperLinks.xls
WrongFormulaRecordType.xls
XRefCalc.xls
XRefCalcData.xls
atp.xls
blankworkbook.xls
bug_42794.xls
colwidth.xls
comments.xls
countblankExamples.xls
countifExamples.xls
dg-text.xls
drawings.xls
duprich1.xls
duprich2.xls
dvEmpty.xls
empty.xls
ex41187-19267.xls
ex42564-21435.xls
ex42564-21503.xls
ex42564-elementOrder.xls
ex42570-20305.xls
ex44921-21902.xls
ex45046-21984.xls
ex45582-22397.xls
ex45672.xls
ex45698-22488.xls
ex45978-extraLinkTableSheets.xls
ex46548-23133.xls
ex47747-sharedFormula.xls
excel_with_embeded.xls
excelant.xls
externalFunctionExample.xls
finance.xls
formula_stress_test.xls
intercept.xls
jxls-core_array.xls
jxls-core_beandata.xls
jxls-core_beanwithlist.xls
jxls-core_doubleForEachOneRow.xls
jxls-core_dynamicColumns.xls
jxls-core_employeeNotes.xls
jxls-core_expressions1.xls
jxls-core_fixedsizelist.xls
jxls-core_forOneRow.xls
jxls-core_forOneRowMerge.xls
jxls-core_forOneRowMerge2.xls
jxls-core_forgroup.xls
jxls-core_foriftag2.xls
jxls-core_foriftag3.xls
jxls-core_foriftag3OutTag.xls
jxls-core_foriftagHor.xls
jxls-core_foriftagOneRow.xls
jxls-core_foriftagOneRow2.xls
jxls-core_foriftagmerge.xls
jxls-core_formatterbean.xls
jxls-core_formula3.xls
jxls-core_formula4.xls
jxls-core_formulas.xls
jxls-core_formulas2.xls
jxls-core_grouping1.xls
jxls-core_grouping2.xls
jxls-core_grouping3.xls
jxls-core_grouping4.xls
jxls-core_groupingformulas.xls
jxls-core_grouptag.xls
jxls-core_hidesheets.xls
jxls-core_iftag.xls
jxls-core_iftagempty.xls
jxls-core_jexl.xls
jxls-core_mergecellslist.xls
jxls-core_mergemultiplelistrows.xls
jxls-core_multi-tab-template.xls
jxls-core_multipleSheetList.xls
jxls-core_multiplelistrows.xls
jxls-core_outline.xls
jxls-core_outtaginonerow.xls
jxls-core_paralleltables.xls
jxls-core_poiobjects.xls
jxls-core_repeatedFormula.xls
jxls-core_report.xls
jxls-core_reportTimestamp.xls
jxls-core_select.xls
jxls-core_select2.xls
jxls-core_severallistsinrow.xls
jxls-core_severalpropertiesincell.xls
jxls-core_simplebean.xls
jxls-core_sqltagreport.xls
jxls-core_stress.xls
jxls-core_syntaxerror.xls
jxls-core_twoIfTagsIn1Row.xls
jxls-core_varstatus.xls
jxls-examples_adjacentlists.xls
jxls-examples_basictags.xls
jxls-examples_chart.xls
jxls-examples_colouring.xls
jxls-examples_department.xls
jxls-examples_dynamicolumns.xls
jxls-examples_employees.xls
jxls-examples_ex_temp.xls
jxls-examples_grouping.xls
jxls-examples_multiplelistrows.xls
jxls-examples_report.xls
jxls-examples_rowstyle.xls
jxls-examples_stress1.xls
jxls-examples_stress2.xls
jxls-reader_departmentData.xls
jxls-reader_employeesData.xls
jxls-reader_emptyrowdata.xls
jxls-reader_error1.xls
jxls-reader_formulasData.xls
jxls-reader_ids.xls
jxls-src_adjacentlist_output.xls
jxls-src_adjacentlists.xls
jxls-src_basictags.xls
jxls-src_basictags_output.xls
jxls-src_chart.xls
jxls-src_chart_output.xls
jxls-src_colouring.xls
jxls-src_colouring_output.xls
jxls-src_department.xls
jxls-src_department_output.xls
jxls-src_departmentdata.xls
jxls-src_dynamiccolumns_output.xls
jxls-src_dynamiccolumns_template.xls
jxls-src_employees.xls
jxls-src_employees_output.xls
jxls-src_grouping.xls
jxls-src_grouping_output.xls
jxls-src_hiddencolumn_output.xls
jxls-src_multiplelistrows.xls
jxls-src_multiplelistrows_output.xls
jxls-src_report.xls
jxls-src_report_output.xls
jxls-src_rowstyle.xls
jxls-src_rowstyle_output.xls
large_strings.xls
mirrTest.xls
missingFuncs44675.xls
mortgage-calculation.xls
multibookFormulaA.xls
multibookFormulaB.xls
namedinput.xls
noHeaderFooter47244.xls
number_format.xls
ole2-embedding.xls
overlapSharedFormula.xls
password.xls.pending
pyExcelerator_P-0508-0000507647-3280-5298.xls
pyExcelerator_chart1v8.xls
pyExcelerator_excel2003.xls
pyExcelerator_frmla.xls
pyExcelerator_macro2v8.xls
pyExcelerator_mini-mini.xls
pyExcelerator_mini.xls
pyExcelerator_oo14.xls
rank.xls
rk.xls
shared_formulas.xls
sumifformula.xls
sumifs.xls
templateExcelWithAutofilter.xls
testArraysAndTables.xls
testNames.xls
testRRaC.xls
testRVA.xls
text.xls
unicodeNameRecord.xls
xlrd_Formate.xls
xlrd_formula_test_names.xls
xlrd_formula_test_sjmachin.xls
xlrd_issue20.xls
xlrd_picture_in_cell.xls
xlrd_profiles.xls
xlrd_ragged.xls
xlrd_xf_class.xls
yearfracExamples.xls
